// Jest Snapshot v1, https://goo.gl/fbAQLP

exports[`Multisig Wallet reducer should handle ETH_MULTISIG_FETCHING 1`] = `
0

`;

exports[`Multisig Wallet reducer should handle ETH_MULTISIG_SELECT 1`] = `
null

`;

exports[`Multisig Wallet reducer should handle ETH_MULTISIG_UPDATE (update existing wallet) 1`] = `
{
  "emptyModel": null,
  "id": null,
  "isFailed": false,
  "isFetched": false,
  "isFetching": false,
  "isInited": false,
  "isPending": false,
  "isSelected": false,
  "leftToFetch": 0,
  "list": {
    "a1": {
      "address": "a1",
      "addresses": {
        "emptyModel": {
          "address": null,
          "id": null,
          "isFailed": false,
          "isFetched": false,
          "isFetching": false,
          "isInited": false,
          "isPending": false,
          "isSelected": false,
          "timestamp": null,
          "transactionHash": null
        },
        "id": null,
        "isFailed": false,
        "isFetched": false,
        "isFetching": false,
        "isInited": false,
        "isPending": false,
        "isSelected": false,
        "leftToFetch": 0,
        "list": {},
        "selected": null,
        "timestamp": null,
        "transactionHash": null
      },
      "balances": {
        "emptyModel": {
          "amount": "0",
          "id": null,
          "timestamp": null
        },
        "id": null,
        "isFailed": false,
        "isFetched": false,
        "isFetching": false,
        "isInited": false,
        "isPending": false,
        "isSelected": false,
        "leftToFetch": 0,
        "list": {},
        "selected": null,
        "timestamp": null,
        "transactionHash": null
      },
      "id": null,
      "is2FA": false,
      "isFailed": false,
      "isFetched": false,
      "isFetching": false,
      "isInited": false,
      "isMultisig": true,
      "isPending": false,
      "isSelected": false,
      "owners": {
        "emptyModel": {
          "address": null,
          "id": null,
          "isFailed": false,
          "isFetched": false,
          "isFetching": false,
          "isInited": false,
          "isPending": false,
          "isSelected": false,
          "timestamp": null,
          "transactionHash": null
        },
        "id": null,
        "isFailed": false,
        "isFetched": false,
        "isFetching": false,
        "isInited": false,
        "isPending": false,
        "isSelected": false,
        "leftToFetch": 0,
        "list": {},
        "selected": null,
        "timestamp": null,
        "transactionHash": null
      },
      "pendingTxList": {
        "emptyModel": null,
        "id": null,
        "isFailed": false,
        "isFetched": false,
        "isFetching": false,
        "isInited": false,
        "isPending": false,
        "isSelected": false,
        "leftToFetch": 0,
        "list": {},
        "selected": null,
        "timestamp": null,
        "transactionHash": null
      },
      "requiredSignatures": 0,
      "timestamp": null,
      "tokens": {
        "t1": {
          "address": null,
          "balance": "0",
          "blockchain": null,
          "dao": null,
          "decimals": 0,
          "fee": {
            "fee": null,
            "feeAddress": null,
            "id": null,
            "isFailed": false,
            "isFetched": false,
            "isFetching": false,
            "isInited": false,
            "isPending": false,
            "isSelected": false,
            "timestamp": null,
            "transactionHash": null,
            "withFee": null
          },
          "feeRate": null,
          "icon": null,
          "id": null,
          "isERC20": false,
          "isFailed": false,
          "isFetched": false,
          "isFetching": false,
          "isInited": false,
          "isLocked": false,
          "isOptional": true,
          "isPending": false,
          "isReissuable": {
            "id": null,
            "isFailed": false,
            "isFetched": false,
            "isFetching": false,
            "isInited": false,
            "isPending": false,
            "isSelected": false,
            "timestamp": null,
            "transactionHash": null,
            "value": null
          },
          "isSelected": false,
          "managersList": {
            "emptyModel": {
              "address": null,
              "id": null,
              "isFailed": false,
              "isFetched": false,
              "isFetching": false,
              "isInited": false,
              "isPending": false,
              "isSelected": false,
              "timestamp": null,
              "transactionHash": null
            },
            "id": null,
            "isFailed": false,
            "isFetched": false,
            "isFetching": false,
            "isInited": false,
            "isPending": false,
            "isSelected": false,
            "leftToFetch": 0,
            "list": {},
            "selected": null,
            "timestamp": null,
            "transactionHash": null
          },
          "name": null,
          "platform": null,
          "symbol": null,
          "timestamp": null,
          "totalSupply": "0",
          "transactionHash": null,
          "url": null
        }
      },
      "transactionHash": null,
      "transactions": {
        "emptyModel": {
          "args": null,
          "blockHash": null,
          "blockNumber": null,
          "by": null,
          "credited": null,
          "fee": "0",
          "from": null,
          "gas": null,
          "gasFee": "0",
          "gasPrice": null,
          "id": null,
          "input": null,
          "symbol": "",
          "time": null,
          "timestamp": null,
          "to": null,
          "token": null,
          "tokenAddress": null,
          "transactionIndex": null,
          "txHash": null,
          "type": "",
          "value": "0"
        },
        "endOfList": false,
        "id": null,
        "isFailed": false,
        "isFetched": false,
        "isFetching": false,
        "isInited": false,
        "isPending": false,
        "isSelected": false,
        "leftToFetch": 0,
        "list": {},
        "selected": null,
        "timestamp": null,
        "transactionHash": null
      }
    }
  },
  "selected": null,
  "timestamp": null,
  "transactionHash": null
}
`;
